

=== TOR Started: Saturday 07 March 2026 12:37:45 PM IST ===


Mar 07 12:37:46.113 [notice] Tor 0.4.9.5 running on Linux with Libevent 2.1.12-stable, OpenSSL 3.6.1, Zlib 1.3.2, Liblzma 5.8.2, Libzstd 1.5.7 and Glibc 2.43 as libc.
Mar 07 12:37:46.113 [notice] Tor can't help you if you use it wrong! Learn how to be safe at https://support.torproject.org/faq/staying-anonymous/
Mar 07 12:37:46.155 [notice] Read configuration file "/home/rudv-ar/.config/bspwm/apps/tor-instance/torrc".
Mar 07 12:37:46.173 [notice] Opening Socks listener on 127.0.0.1:9050
Mar 07 12:37:46.173 [notice] Opened Socks listener connection (ready) on 127.0.0.1:9050
Mar 07 12:37:46.173 [notice] Opening Control listener on 127.0.0.1:0
Mar 07 12:37:46.173 [notice] Control listener listening on port 36485.
Mar 07 12:37:46.173 [notice] Opened Control listener connection (ready) on 127.0.0.1:36485
Mar 07 12:37:46.000 [notice] Parsing GEOIP IPv4 file /usr/share/tor/geoip.
Mar 07 12:37:47.000 [notice] Parsing GEOIP IPv6 file /usr/share/tor/geoip6.
Mar 07 12:37:49.000 [notice] Set list of supported TLS groups to: ?*X25519MLKEM768 / ?SecP256r1MLKEM768 / *P-256:?X25519:P-224
Mar 07 12:37:49.000 [notice] Bootstrapped 0% (starting): Starting
Mar 07 12:37:52.000 [notice] Starting with guard context "default"
Mar 07 12:37:53.000 [notice] Bootstrapped 5% (conn): Connecting to a relay
Mar 07 12:37:54.000 [notice] Bootstrapped 10% (conn_done): Connected to a relay
Mar 07 12:37:55.000 [notice] Bootstrapped 14% (handshake): Handshaking with a relay
Mar 07 12:37:56.000 [notice] Bootstrapped 15% (handshake_done): Handshake with a relay done
Mar 07 12:37:56.000 [notice] Bootstrapped 20% (onehop_create): Establishing an encrypted directory connection
Mar 07 12:37:56.000 [notice] Bootstrapped 25% (requesting_status): Asking for networkstatus consensus
Mar 07 12:37:56.000 [notice] Bootstrapped 30% (loading_status): Loading networkstatus consensus
Mar 07 12:38:21.000 [notice] Bootstrapped 75% (enough_dirinfo): Loaded enough directory info to build circuits
Mar 07 12:38:21.000 [notice] Bootstrapped 90% (ap_handshake_done): Handshake finished with a relay to build circuits
Mar 07 12:38:21.000 [notice] Bootstrapped 95% (circuit_create): Establishing a Tor circuit
Mar 07 12:38:22.000 [notice] Bootstrapped 100% (done): Done
