

=== TOR Started: Tuesday 10 March 2026 12:19:00 PM IST ===


Mar 10 12:19:01.470 [notice] Tor 0.4.9.5 running on Linux with Libevent 2.1.12-stable, OpenSSL 3.6.1, Zlib 1.3.2, Liblzma 5.8.2, Libzstd 1.5.7 and Glibc 2.43 as libc.
Mar 10 12:19:01.471 [notice] Tor can't help you if you use it wrong! Learn how to be safe at https://support.torproject.org/faq/staying-anonymous/
Mar 10 12:19:01.840 [notice] Read configuration file "/home/rudv-ar/.config/bspwm/apps/tor-instance/torrc".
Mar 10 12:19:01.958 [notice] Opening Socks listener on 127.0.0.1:9050
Mar 10 12:19:01.958 [notice] Opened Socks listener connection (ready) on 127.0.0.1:9050
Mar 10 12:19:01.958 [notice] Opening Control listener on 127.0.0.1:0
Mar 10 12:19:01.958 [notice] Control listener listening on port 45181.
Mar 10 12:19:01.958 [notice] Opened Control listener connection (ready) on 127.0.0.1:45181
Mar 10 12:19:02.000 [notice] Parsing GEOIP IPv4 file /usr/share/tor/geoip.
Mar 10 12:19:03.000 [notice] Parsing GEOIP IPv6 file /usr/share/tor/geoip6.
Mar 10 12:19:04.000 [notice] Set list of supported TLS groups to: ?*X25519MLKEM768 / ?SecP256r1MLKEM768 / *P-256:?X25519:P-224
Mar 10 12:19:04.000 [notice] Bootstrapped 0% (starting): Starting
Mar 10 12:19:14.000 [notice] Starting with guard context "default"
Mar 10 12:19:15.000 [notice] Bootstrapped 5% (conn): Connecting to a relay
Mar 10 12:19:15.000 [notice] Bootstrapped 10% (conn_done): Connected to a relay
Mar 10 12:19:16.000 [notice] Bootstrapped 14% (handshake): Handshaking with a relay
Mar 10 12:19:17.000 [notice] Bootstrapped 15% (handshake_done): Handshake with a relay done
Mar 10 12:19:17.000 [notice] Bootstrapped 20% (onehop_create): Establishing an encrypted directory connection
Mar 10 12:19:18.000 [notice] Bootstrapped 25% (requesting_status): Asking for networkstatus consensus
Mar 10 12:19:18.000 [notice] Bootstrapped 30% (loading_status): Loading networkstatus consensus
Mar 10 12:19:26.000 [notice] Bootstrapped 75% (enough_dirinfo): Loaded enough directory info to build circuits
Mar 10 12:19:26.000 [notice] Bootstrapped 90% (ap_handshake_done): Handshake finished with a relay to build circuits
Mar 10 12:19:26.000 [notice] Bootstrapped 95% (circuit_create): Establishing a Tor circuit
Mar 10 12:19:28.000 [notice] Bootstrapped 100% (done): Done


=== TOR Started: Tuesday 10 March 2026 12:20:00 PM IST ===


Mar 10 12:20:00.616 [notice] Tor 0.4.9.5 running on Linux with Libevent 2.1.12-stable, OpenSSL 3.6.1, Zlib 1.3.2, Liblzma 5.8.2, Libzstd 1.5.7 and Glibc 2.43 as libc.
Mar 10 12:20:00.616 [notice] Tor can't help you if you use it wrong! Learn how to be safe at https://support.torproject.org/faq/staying-anonymous/
Mar 10 12:20:00.646 [notice] Read configuration file "/home/rudv-ar/.config/bspwm/apps/tor-instance/torrc".
Mar 10 12:20:00.654 [notice] Opening Socks listener on 127.0.0.1:9050
Mar 10 12:20:00.654 [notice] Opened Socks listener connection (ready) on 127.0.0.1:9050
Mar 10 12:20:00.654 [notice] Opening Control listener on 127.0.0.1:0
Mar 10 12:20:00.654 [notice] Control listener listening on port 44309.
Mar 10 12:20:00.654 [notice] Opened Control listener connection (ready) on 127.0.0.1:44309
Mar 10 12:20:00.000 [notice] Parsing GEOIP IPv4 file /usr/share/tor/geoip.
Mar 10 12:20:01.000 [notice] Parsing GEOIP IPv6 file /usr/share/tor/geoip6.
Mar 10 12:20:04.000 [notice] Set list of supported TLS groups to: ?*X25519MLKEM768 / ?SecP256r1MLKEM768 / *P-256:?X25519:P-224
Mar 10 12:20:04.000 [notice] Bootstrapped 0% (starting): Starting
Mar 10 12:20:15.000 [notice] Starting with guard context "default"
Mar 10 12:20:16.000 [notice] Bootstrapped 5% (conn): Connecting to a relay
Mar 10 12:20:17.000 [notice] Bootstrapped 10% (conn_done): Connected to a relay
Mar 10 12:20:17.000 [notice] Bootstrapped 14% (handshake): Handshaking with a relay


=== TOR Started: Tuesday 10 March 2026 12:20:19 PM IST ===


Mar 10 12:20:19.374 [notice] Tor 0.4.9.5 running on Linux with Libevent 2.1.12-stable, OpenSSL 3.6.1, Zlib 1.3.2, Liblzma 5.8.2, Libzstd 1.5.7 and Glibc 2.43 as libc.
Mar 10 12:20:19.374 [notice] Tor can't help you if you use it wrong! Learn how to be safe at https://support.torproject.org/faq/staying-anonymous/
Mar 10 12:20:19.375 [notice] Read configuration file "/home/rudv-ar/.config/bspwm/apps/tor-instance/torrc".
Mar 10 12:20:19.411 [notice] Opening Socks listener on 127.0.0.1:9050
Mar 10 12:20:19.411 [notice] Opened Socks listener connection (ready) on 127.0.0.1:9050
Mar 10 12:20:19.412 [notice] Opening Control listener on 127.0.0.1:0
Mar 10 12:20:19.412 [notice] Control listener listening on port 42571.
Mar 10 12:20:19.412 [notice] Opened Control listener connection (ready) on 127.0.0.1:42571
Mar 10 12:20:19.000 [notice] Parsing GEOIP IPv4 file /usr/share/tor/geoip.
Mar 10 12:20:22.000 [notice] Parsing GEOIP IPv6 file /usr/share/tor/geoip6.
Mar 10 12:20:25.000 [notice] Set list of supported TLS groups to: ?*X25519MLKEM768 / ?SecP256r1MLKEM768 / *P-256:?X25519:P-224
Mar 10 12:20:25.000 [notice] Bootstrapped 0% (starting): Starting
Mar 10 12:20:31.000 [notice] Starting with guard context "default"
Mar 10 12:20:32.000 [notice] Bootstrapped 5% (conn): Connecting to a relay
Mar 10 12:20:33.000 [notice] Bootstrapped 10% (conn_done): Connected to a relay
Mar 10 12:20:34.000 [notice] Bootstrapped 14% (handshake): Handshaking with a relay
Mar 10 12:20:35.000 [notice] Bootstrapped 15% (handshake_done): Handshake with a relay done
Mar 10 12:20:35.000 [notice] Bootstrapped 75% (enough_dirinfo): Loaded enough directory info to build circuits
Mar 10 12:20:35.000 [notice] Bootstrapped 90% (ap_handshake_done): Handshake finished with a relay to build circuits
Mar 10 12:20:35.000 [notice] Bootstrapped 95% (circuit_create): Establishing a Tor circuit
Mar 10 12:20:37.000 [notice] Bootstrapped 100% (done): Done


=== TOR Started: Tuesday 10 March 2026 12:21:01 PM IST ===


Mar 10 12:21:02.022 [notice] Tor 0.4.9.5 running on Linux with Libevent 2.1.12-stable, OpenSSL 3.6.1, Zlib 1.3.2, Liblzma 5.8.2, Libzstd 1.5.7 and Glibc 2.43 as libc.
Mar 10 12:21:02.022 [notice] Tor can't help you if you use it wrong! Learn how to be safe at https://support.torproject.org/faq/staying-anonymous/
Mar 10 12:21:02.022 [notice] Read configuration file "/home/rudv-ar/.config/bspwm/apps/tor-instance/torrc".
Mar 10 12:21:02.038 [notice] Opening Socks listener on 127.0.0.1:9050
Mar 10 12:21:02.039 [notice] Opened Socks listener connection (ready) on 127.0.0.1:9050
Mar 10 12:21:02.039 [notice] Opening Control listener on 127.0.0.1:0
Mar 10 12:21:02.039 [notice] Control listener listening on port 36769.
Mar 10 12:21:02.039 [notice] Opened Control listener connection (ready) on 127.0.0.1:36769
Mar 10 12:21:02.000 [notice] Parsing GEOIP IPv4 file /usr/share/tor/geoip.
Mar 10 12:21:05.000 [notice] Parsing GEOIP IPv6 file /usr/share/tor/geoip6.
Mar 10 12:21:08.000 [notice] Set list of supported TLS groups to: ?*X25519MLKEM768 / ?SecP256r1MLKEM768 / *P-256:?X25519:P-224
Mar 10 12:21:08.000 [notice] Bootstrapped 0% (starting): Starting
Mar 10 12:21:14.000 [notice] Starting with guard context "default"
Mar 10 12:21:16.000 [notice] Bootstrapped 5% (conn): Connecting to a relay
Mar 10 12:21:16.000 [notice] Bootstrapped 10% (conn_done): Connected to a relay
Mar 10 12:21:16.000 [notice] Bootstrapped 14% (handshake): Handshaking with a relay
Mar 10 12:21:17.000 [notice] Bootstrapped 15% (handshake_done): Handshake with a relay done
Mar 10 12:21:17.000 [notice] Bootstrapped 75% (enough_dirinfo): Loaded enough directory info to build circuits
Mar 10 12:21:17.000 [notice] Bootstrapped 90% (ap_handshake_done): Handshake finished with a relay to build circuits
Mar 10 12:21:17.000 [notice] Bootstrapped 95% (circuit_create): Establishing a Tor circuit
Mar 10 12:21:18.000 [notice] Bootstrapped 100% (done): Done
